// Vitest Snapshot v1, https://vitest.dev/guide/snapshot.html

exports[`ProgressBar shared UI-component > snapshot UI 1`] = `
<div
  class="flex justify-between items-center"
>
  <div
    class="relative mt-px w-full h-2 bg-main-300 rounded-lg"
  >
    <div
      class="relative h-full bg-main-800 rounded-lg"
      style="width: 20%;"
    />
    <!--v-if-->
  </div>
  <div
    class="w-max ml-[0.625rem] text-sm text-title-600 font-medium"
  >
    20%
  </div>
</div>
`;
