// Vitest Snapshot v1, https://vitest.dev/guide/snapshot.html

exports[`Header Widget UI > snapshot UI testing 1`] = `
<div
  class="py-6 shadow-center-md"
>
  <div
    class="w-9/12 mx-auto flex items-center"
  >
    
    <a
      class="mr-14"
      href="/"
    >
      <div
        class="flex items-center"
      >
        <div
          class="h-4 w-4 rounded-full bg-main-900 mr-3 mt-[3px]"
        />
        <h1
          class="text-2xl font-medium"
        >
          Budget Tracker
        </h1>
      </div>
    </a>
    <ul
      class="flex text-title-400 font-semibold mt-[0.4rem]"
    >
      <li
        class="mr-12"
      >
        <a
          class=""
          href="/categories"
        >
          Categories
        </a>
      </li>
      <li
        class="mr-12"
      >
        <a
          class=""
          href="/about"
        >
          About
        </a>
      </li>
      <li>
        <a
          class=""
          href="/pricing"
        >
          Pricing
        </a>
      </li>
    </ul>
    <div
      class="ml-auto"
    >
      <!--v-if-->
      <div>
        <button
          class="text-title-400 font-semibold mr-3"
        >
          Log out
        </button>
      </div>
    </div>
    
  </div>
</div>
`;
